Component: ARM Compiler 5.06 update 1 (build 61) Tool: armlink [4d35a8]

==============================================================================

Section Cross References

    main.o(.text) refers to memcpya.o(.text) for __aeabi_memcpy
    main.o(.text) refers to debug.o(.text) for debug_val
    main.o(.text) refers to lmic.o(.text) for LMIC_setTxData2
    main.o(.text) refers to oslmic.o(.text) for os_getTime
    main.o(.text) refers to main.o(.constdata) for AppEui
    main.o(.text) refers to main.o(.data) for AppLedStateOn
    main.o(.text) refers to lmic.o(.bss) for LMIC
    main.o(.text) refers to main.o(.bss) for txLedJob
    aes.o(.text) refers to aes.o(.bss) for AESKEY
    aes.o(.text) refers to aes.o(.constdata) for AES_S
    lmic.o(.text) refers to memcpya.o(.text) for __aeabi_memcpy
    lmic.o(.text) refers to aes.o(.text) for os_aes
    lmic.o(.text) refers to main.o(.text) for os_getDevKey
    lmic.o(.text) refers to memseta.o(.text) for __aeabi_memclr
    lmic.o(.text) refers to lmic.o(i.getBw) for getBw
    lmic.o(.text) refers to lmic.o(i.getNocrc) for getNocrc
    lmic.o(.text) refers to lmic.o(i.getCr) for getCr
    lmic.o(.text) refers to ldiv.o(.text) for __aeabi_ldivmod
    lmic.o(.text) refers to aes.o(.bss) for AESAUX
    lmic.o(.text) refers to lmic.o(.constdata) for SENSITIVITY
    lmic.o(.text) refers to lmic.o(.bss) for LMIC
    lmic.o(.text) refers to radio.o(.text) for radio_rand1
    lmic.o(.text) refers to hal.o(.text) for hal_failed
    lmic.o(.text) refers to lmic.o(i.dndr2rps) for dndr2rps
    lmic.o(.text) refers to lmic.o(i.setNocrc) for setNocrc
    lmic.o(.text) refers to lmic.o(i.setIh) for setIh
    lmic.o(.text) refers to lmic.o(i.validDR) for validDR
    lmic.o(.text) refers to oslmic.o(.text) for os_getTime
    lmic.o(.text) refers to lmic.o(i.lowerDR) for lowerDR
    lmic.o(.text) refers to lmic.o(i.decDR) for decDR
    lmic.o(.text) refers to lmic.o(i.updr2rps) for updr2rps
    lmic.o(.text) refers to lmic.o(i.setCr) for setCr
    oslmic.o(.text) refers to hal.o(.text) for hal_init
    oslmic.o(.text) refers to radio.o(.text) for radio_init
    oslmic.o(.text) refers to lmic.o(.text) for LMIC_init
    oslmic.o(.text) refers to oslmic.o(.data) for OS
    radio.o(.text) refers to hal.o(.text) for hal_pin_nss
    radio.o(.text) refers to lmic.o(i.getSf) for getSf
    radio.o(.text) refers to lmic.o(i.getBw) for getBw
    radio.o(.text) refers to uldiv.o(.text) for __aeabi_uldivmod
    radio.o(.text) refers to lmic.o(.bss) for LMIC
    radio.o(.text) refers to radio.o(.constdata) for rxlorairqmask
    radio.o(.text) refers to oslmic.o(.text) for os_getTime
    radio.o(.text) refers to aes.o(.text) for os_aes
    radio.o(.text) refers to radio.o(.bss) for randbuf
    debug.o(.text) refers to debug.o(.data) for evnames
    debug.o(.data) refers to debug.o(.conststring) for .conststring
    hal.o(.text) refers to debug.o(.text) for debug_str
    hal.o(.text) refers to radio.o(.text) for radio_irq_handler
    hal.o(.text) refers to hal.o(.data) for HAL
    arm_startup_nrf52.o(RESET) refers to arm_startup_nrf52.o(STACK) for __initial_sp
    arm_startup_nrf52.o(RESET) refers to arm_startup_nrf52.o(.text) for Reset_Handler
    arm_startup_nrf52.o(RESET) refers to hal.o(.text) for GPIOTE_IRQHandler
    arm_startup_nrf52.o(.text) refers to system_nrf52.o(.text) for SystemInit
    arm_startup_nrf52.o(.text) refers to entry.o(.ARM.Collect$$$$00000000) for __main
    system_nrf52.o(.text) refers to system_nrf52.o(.data) for SystemCoreClock
    entry.o(.ARM.Collect$$$$00000000) refers (Special) to entry10a.o(.ARM.Collect$$$$0000000D) for __rt_final_cpp
    entry.o(.ARM.Collect$$$$00000000) refers (Special) to entry11a.o(.ARM.Collect$$$$0000000F) for __rt_final_exit
    entry.o(.ARM.Collect$$$$00000000) refers (Special) to entry7b.o(.ARM.Collect$$$$00000008) for _main_clock
    entry.o(.ARM.Collect$$$$00000000) refers (Special) to entry8b.o(.ARM.Collect$$$$0000000A) for _main_cpp_init
    entry.o(.ARM.Collect$$$$00000000) refers (Special) to entry9a.o(.ARM.Collect$$$$0000000B) for _main_init
    entry.o(.ARM.Collect$$$$00000000) refers (Special) to entry5.o(.ARM.Collect$$$$00000004) for _main_scatterload
    entry.o(.ARM.Collect$$$$00000000) refers (Special) to entry2.o(.ARM.Collect$$$$00000001) for _main_stk
    uldiv.o(.text) refers to llushr.o(.text) for __aeabi_llsr
    uldiv.o(.text) refers to llshl.o(.text) for __aeabi_llsl
    ldiv.o(.text) refers to uldiv.o(.text) for __aeabi_uldivmod
    entry2.o(.ARM.Collect$$$$00000001) refers to entry2.o(.ARM.Collect$$$$00002712) for __lit__00000000
    entry2.o(.ARM.Collect$$$$00002712) refers to arm_startup_nrf52.o(STACK) for __initial_sp
    entry2.o(__vectab_stack_and_reset_area) refers to arm_startup_nrf52.o(STACK) for __initial_sp
    entry2.o(__vectab_stack_and_reset_area) refers to entry.o(.ARM.Collect$$$$00000000) for __main
    entry5.o(.ARM.Collect$$$$00000004) refers to init.o(.text) for __scatterload
    entry9a.o(.ARM.Collect$$$$0000000B) refers to main.o(.text) for main
    entry9b.o(.ARM.Collect$$$$0000000C) refers to main.o(.text) for main
    init.o(.text) refers to entry5.o(.ARM.Collect$$$$00000004) for __main_after_scatterload
    lmic.o(i.updr2rps) refers to lmic.o(.constdata) for _DR2RPS_CRC
    lmic.o(i.dndr2rps) refers to lmic.o(i.updr2rps) for updr2rps
    lmic.o(i.dndr2rps) refers to lmic.o(i.setNocrc) for setNocrc
    lmic.o(i.incDR) refers to lmic.o(.constdata) for _DR2RPS_CRC
    lmic.o(i.decDR) refers to lmic.o(.constdata) for _DR2RPS_CRC
    lmic.o(i.assertDR) refers to lmic.o(.constdata) for _DR2RPS_CRC
    lmic.o(i.validDR) refers to lmic.o(.constdata) for _DR2RPS_CRC
    lmic.o(i.lowerDR) refers to lmic.o(i.decDR) for decDR


==============================================================================

Removing Unused input sections from the image.

    Removing debug.o(.rev16_text), (4 bytes).
    Removing debug.o(.revsh_text), (4 bytes).
    Removing debug.o(.rrx_text), (6 bytes).
    Removing hal.o(.rev16_text), (4 bytes).
    Removing hal.o(.revsh_text), (4 bytes).
    Removing hal.o(.rrx_text), (6 bytes).
    Removing arm_startup_nrf52.o(HEAP), (8192 bytes).
    Removing system_nrf52.o(.rev16_text), (4 bytes).
    Removing system_nrf52.o(.revsh_text), (4 bytes).
    Removing system_nrf52.o(.rrx_text), (6 bytes).
    Removing lmic.o(i.setSf), (10 bytes).
    Removing lmic.o(i.setBw), (12 bytes).
    Removing lmic.o(i.getIh), (6 bytes).
    Removing lmic.o(i.makeRps), (32 bytes).
    Removing lmic.o(i.sameSfBw), (20 bytes).
    Removing lmic.o(i.isFasterDR), (14 bytes).
    Removing lmic.o(i.isSlowerDR), (14 bytes).
    Removing lmic.o(i.incDR), (28 bytes).
    Removing lmic.o(i.assertDR), (24 bytes).

19 unused section(s) (total 8394 bytes) removed from the image.

==============================================================================

Image Symbol Table

    Local Symbols

    Symbol Name                              Value     Ov Type        Size  Object(Section)

    RESET                                    0x00000000   Section     1024  arm_startup_nrf52.o(RESET)
    ../clib/microlib/division.c              0x00000000   Number         0  ldiv.o ABSOLUTE
    ../clib/microlib/division.c              0x00000000   Number         0  uldiv.o ABSOLUTE
    ../clib/microlib/init/entry.s            0x00000000   Number         0  entry8a.o ABSOLUTE
    ../clib/microlib/init/entry.s            0x00000000   Number         0  entry9a.o ABSOLUTE
    ../clib/microlib/init/entry.s            0x00000000   Number         0  entry9b.o ABSOLUTE
    ../clib/microlib/init/entry.s            0x00000000   Number         0  entry10a.o ABSOLUTE
    ../clib/microlib/init/entry.s            0x00000000   Number         0  entry10b.o ABSOLUTE
    ../clib/microlib/init/entry.s            0x00000000   Number         0  entry7b.o ABSOLUTE
    ../clib/microlib/init/entry.s            0x00000000   Number         0  entry11a.o ABSOLUTE
    ../clib/microlib/init/entry.s            0x00000000   Number         0  entry7a.o ABSOLUTE
    ../clib/microlib/init/entry.s            0x00000000   Number         0  entry11b.o ABSOLUTE
    ../clib/microlib/init/entry.s            0x00000000   Number         0  entry5.o ABSOLUTE
    ../clib/microlib/init/entry.s            0x00000000   Number         0  entry.o ABSOLUTE
    ../clib/microlib/init/entry.s            0x00000000   Number         0  entry2.o ABSOLUTE
    ../clib/microlib/init/entry.s            0x00000000   Number         0  entry8b.o ABSOLUTE
    ../clib/microlib/longlong.c              0x00000000   Number         0  llshl.o ABSOLUTE
    ../clib/microlib/longlong.c              0x00000000   Number         0  llushr.o ABSOLUTE
    ../clib/microlib/string/memcpy.c         0x00000000   Number         0  memcpya.o ABSOLUTE
    ../clib/microlib/string/memcpy.c         0x00000000   Number         0  memcpyb.o ABSOLUTE
    ../clib/microlib/string/memset.c         0x00000000   Number         0  memseta.o ABSOLUTE
    ..\..\lmic\aes.c                         0x00000000   Number         0  aes.o ABSOLUTE
    ..\..\lmic\lmic.c                        0x00000000   Number         0  lmic.o ABSOLUTE
    ..\..\lmic\oslmic.c                      0x00000000   Number         0  oslmic.o ABSOLUTE
    ..\..\lmic\radio.c                       0x00000000   Number         0  radio.o ABSOLUTE
    ..\..\nRF52\debug.c                      0x00000000   Number         0  debug.o ABSOLUTE
    ..\..\nRF52\hal.c                        0x00000000   Number         0  hal.o ABSOLUTE
    ..\\..\\nRF52\\debug.c                   0x00000000   Number         0  debug.o ABSOLUTE
    ..\\..\\nRF52\\hal.c                     0x00000000   Number         0  hal.o ABSOLUTE
    RTE\Device\nRF52832_xxAA\arm_startup_nrf52.s 0x00000000   Number         0  arm_startup_nrf52.o ABSOLUTE
    RTE\Device\nRF52832_xxAA\system_nrf52.c  0x00000000   Number         0  system_nrf52.o ABSOLUTE
    RTE\\Device\\nRF52832_xxAA\\system_nrf52.c 0x00000000   Number         0  system_nrf52.o ABSOLUTE
    dc.s                                     0x00000000   Number         0  dc.o ABSOLUTE
    handlers.s                               0x00000000   Number         0  handlers.o ABSOLUTE
    init.s                                   0x00000000   Number         0  init.o ABSOLUTE
    main.c                                   0x00000000   Number         0  main.o ABSOLUTE
    .ARM.Collect$$$$00000000                 0x00000400   Section        0  entry.o(.ARM.Collect$$$$00000000)
    .ARM.Collect$$$$00000001                 0x00000400   Section        4  entry2.o(.ARM.Collect$$$$00000001)
    .ARM.Collect$$$$00000004                 0x00000404   Section        4  entry5.o(.ARM.Collect$$$$00000004)
    .ARM.Collect$$$$00000008                 0x00000408   Section        0  entry7b.o(.ARM.Collect$$$$00000008)
    .ARM.Collect$$$$0000000A                 0x00000408   Section        0  entry8b.o(.ARM.Collect$$$$0000000A)
    .ARM.Collect$$$$0000000B                 0x00000408   Section        8  entry9a.o(.ARM.Collect$$$$0000000B)
    .ARM.Collect$$$$0000000D                 0x00000410   Section        0  entry10a.o(.ARM.Collect$$$$0000000D)
    .ARM.Collect$$$$0000000F                 0x00000410   Section        0  entry11a.o(.ARM.Collect$$$$0000000F)
    .ARM.Collect$$$$00002712                 0x00000410   Section        4  entry2.o(.ARM.Collect$$$$00002712)
    __lit__00000000                          0x00000410   Data           4  entry2.o(.ARM.Collect$$$$00002712)
    .text                                    0x00000414   Section        0  main.o(.text)
    onRxLed                                  0x0000043d   Thumb Code    14  main.o(.text)
    onTxLed                                  0x0000044b   Thumb Code    14  main.o(.text)
    prepareTxFrame                           0x00000459   Thumb Code    58  main.o(.text)
    onSendFrame                              0x000004db   Thumb Code    48  main.o(.text)
    onInit                                   0x0000050b   Thumb Code    42  main.o(.text)
    .text                                    0x00000654   Section        0  aes.o(.text)
    aesroundkeys                             0x00000655   Thumb Code   170  aes.o(.text)
    .text                                    0x00000ed8   Section        0  lmic.o(.text)
    micB0                                    0x00000f81   Thumb Code    62  lmic.o(.text)
    aes_verifyMic                            0x00000fbf   Thumb Code    72  lmic.o(.text)
    aes_appendMic                            0x00001007   Thumb Code    64  lmic.o(.text)
    aes_appendMic0                           0x00001047   Thumb Code    34  lmic.o(.text)
    aes_verifyMic0                           0x00001069   Thumb Code    42  lmic.o(.text)
    aes_encrypt                              0x00001093   Thumb Code    24  lmic.o(.text)
    aes_cipher                               0x000010ab   Thumb Code    98  lmic.o(.text)
    aes_sessKeys                             0x0000110d   Thumb Code    94  lmic.o(.text)
    calcRxWindow                             0x00001247   Thumb Code    90  lmic.o(.text)
    calcBcnRxWindowFromMillis                0x000012a1   Thumb Code   120  lmic.o(.text)
    rxschedInit                              0x00001319   Thumb Code   184  lmic.o(.text)
    rxschedNext                              0x000013d1   Thumb Code    92  lmic.o(.text)
    rndDelay                                 0x0000142d   Thumb Code    66  lmic.o(.text)
    txDelay                                  0x0000146f   Thumb Code    56  lmic.o(.text)
    setDrJoin                                0x000014a7   Thumb Code     8  lmic.o(.text)
    setDrTxpow                               0x000014af   Thumb Code    58  lmic.o(.text)
    runEngineUpdate                          0x000014fb   Thumb Code    10  lmic.o(.text)
    decodeBeacon                             0x00001505   Thumb Code   216  lmic.o(.text)
    processBeacon                            0x000015dd   Thumb Code   414  lmic.o(.text)
    startRxBcn                               0x0000177b   Thumb Code    38  lmic.o(.text)
    setBcnRxParams                           0x000017a1   Thumb Code    58  lmic.o(.text)
    convFreq                                 0x000017db   Thumb Code    36  lmic.o(.text)
    mapChannels                              0x0000187f   Thumb Code    68  lmic.o(.text)
    decodeFrame                              0x000018c3   Thumb Code  1258  lmic.o(.text)
    processPingRx                            0x00001dad   Thumb Code    42  lmic.o(.text)
    startRxPing                              0x00001dd7   Thumb Code    18  lmic.o(.text)
    updateTx                                 0x00001de9   Thumb Code    92  lmic.o(.text)
    setupRx2                                 0x00001e45   Thumb Code    44  lmic.o(.text)
    processDnData                            0x00001e71   Thumb Code   430  lmic.o(.text)
    processRx2DnDataDelay                    0x0000201f   Thumb Code    10  lmic.o(.text)
    processRx2DnData                         0x00002029   Thumb Code    58  lmic.o(.text)
    setupRx2DnData                           0x00002063   Thumb Code    16  lmic.o(.text)
    schedRx2                                 0x00002073   Thumb Code    54  lmic.o(.text)
    processRx1DnData                         0x000020a9   Thumb Code    30  lmic.o(.text)
    setupRx1                                 0x000020c7   Thumb Code    42  lmic.o(.text)
    setupRx1DnData                           0x000020f1   Thumb Code    12  lmic.o(.text)
    txDone                                   0x000020fd   Thumb Code   124  lmic.o(.text)
    updataDone                               0x00002179   Thumb Code    16  lmic.o(.text)
    buildDataFrame                           0x00002189   Thumb Code   720  lmic.o(.text)
    startJoining                             0x00002459   Thumb Code    12  lmic.o(.text)
    initDefaultChannels                      0x00002465   Thumb Code   236  lmic.o(.text)
    initJoinLoop                             0x00002551   Thumb Code    76  lmic.o(.text)
    runReset                                 0x00002671   Thumb Code    20  lmic.o(.text)
    stateJustJoined                          0x00002685   Thumb Code    98  lmic.o(.text)
    onJoinFailed                             0x000026e7   Thumb Code    12  lmic.o(.text)
    nextJoinState                            0x000026f3   Thumb Code   148  lmic.o(.text)
    processJoinAccept                        0x00002787   Thumb Code   434  lmic.o(.text)
    processRx2Jacc                           0x00002939   Thumb Code    30  lmic.o(.text)
    setupRx2Jacc                             0x00002957   Thumb Code    18  lmic.o(.text)
    processRx1Jacc                           0x00002969   Thumb Code    32  lmic.o(.text)
    setupRx1Jacc                             0x00002989   Thumb Code    12  lmic.o(.text)
    jreqDone                                 0x00002995   Thumb Code    16  lmic.o(.text)
    buildJoinRequest                         0x000029a5   Thumb Code    72  lmic.o(.text)
    nextTx                                   0x000029ed   Thumb Code   202  lmic.o(.text)
    engineUpdate                             0x00002ab7   Thumb Code   752  lmic.o(.text)
    reportEvent                              0x00002da7   Thumb Code    16  lmic.o(.text)
    onBcnRx                                  0x00002db7   Thumb Code   136  lmic.o(.text)
    startScan                                0x00002e3f   Thumb Code   116  lmic.o(.text)
    .text                                    0x00003184   Section        0  oslmic.o(.text)
    unlinkjob                                0x000031a5   Thumb Code    30  oslmic.o(.text)
    .text                                    0x000032a4   Section        0  radio.o(.text)
    writeReg                                 0x000032a5   Thumb Code    34  radio.o(.text)
    readReg                                  0x000032c7   Thumb Code    36  radio.o(.text)
    writeBuf                                 0x000032eb   Thumb Code    52  radio.o(.text)
    readBuf                                  0x0000331f   Thumb Code    54  radio.o(.text)
    opmode                                   0x00003355   Thumb Code    28  radio.o(.text)
    opmodeLora                               0x00003371   Thumb Code    18  radio.o(.text)
    opmodeFSK                                0x00003383   Thumb Code    18  radio.o(.text)
    configLoraModem                          0x00003395   Thumb Code   224  radio.o(.text)
    configChannel                            0x00003475   Thumb Code    72  radio.o(.text)
    configPower                              0x000034bd   Thumb Code    56  radio.o(.text)
    txfsk                                    0x000034f5   Thumb Code   200  radio.o(.text)
    txlora                                   0x000035bd   Thumb Code   152  radio.o(.text)
    starttx                                  0x00003655   Thumb Code    40  radio.o(.text)
    rxlora                                   0x0000367d   Thumb Code   174  radio.o(.text)
    rxfsk                                    0x0000372b   Thumb Code   212  radio.o(.text)
    startrx                                  0x000037ff   Thumb Code    46  radio.o(.text)
    .text                                    0x00003aac   Section        0  debug.o(.text)
    .text                                    0x00003c54   Section        0  hal.o(.text)
    hal_io_init                              0x00003c55   Thumb Code    68  hal.o(.text)
    hal_spi_init                             0x00003d6b   Thumb Code    86  hal.o(.text)
    hal_time_init                            0x00003de3   Thumb Code    58  hal.o(.text)
    deltaticks                               0x00003e55   Thumb Code    34  hal.o(.text)
    NVIC_EnableIRQ                           0x00003f1b   Thumb Code    22  hal.o(.text)
    .text                                    0x00003f84   Section       36  arm_startup_nrf52.o(.text)
    $v0                                      0x00003f84   Number         0  arm_startup_nrf52.o(.text)
    .text                                    0x00003fa8   Section        0  system_nrf52.o(.text)
    errata_66                                0x00003fb1   Thumb Code    42  system_nrf52.o(.text)
    errata_57                                0x00003fdb   Thumb Code    42  system_nrf52.o(.text)
    errata_37                                0x00004005   Thumb Code    42  system_nrf52.o(.text)
    errata_36                                0x0000402f   Thumb Code    78  system_nrf52.o(.text)
    errata_32                                0x0000407d   Thumb Code    42  system_nrf52.o(.text)
    errata_31                                0x000040a7   Thumb Code    78  system_nrf52.o(.text)
    errata_16                                0x000040f5   Thumb Code    42  system_nrf52.o(.text)
    .text                                    0x00004360   Section        0  uldiv.o(.text)
    .text                                    0x000043c2   Section        0  ldiv.o(.text)
    .text                                    0x00004424   Section        0  memcpya.o(.text)
    .text                                    0x00004448   Section        0  memseta.o(.text)
    .text                                    0x0000446c   Section        0  llshl.o(.text)
    .text                                    0x0000448a   Section        0  llushr.o(.text)
    .text                                    0x000044ac   Section       36  init.o(.text)
    i.__scatterload_copy                     0x000044d0   Section       14  handlers.o(i.__scatterload_copy)
    i.__scatterload_null                     0x000044de   Section        2  handlers.o(i.__scatterload_null)
    i.__scatterload_zeroinit                 0x000044e0   Section       14  handlers.o(i.__scatterload_zeroinit)
    i.decDR                                  0x000044f0   Section        0  lmic.o(i.decDR)
    i.dndr2rps                               0x00004508   Section        0  lmic.o(i.dndr2rps)
    i.getBw                                  0x0000451c   Section        0  lmic.o(i.getBw)
    i.getCr                                  0x00004524   Section        0  lmic.o(i.getCr)
    i.getNocrc                               0x0000452c   Section        0  lmic.o(i.getNocrc)
    i.getSf                                  0x00004534   Section        0  lmic.o(i.getSf)
    i.lowerDR                                0x0000453c   Section        0  lmic.o(i.lowerDR)
    i.setCr                                  0x0000455a   Section        0  lmic.o(i.setCr)
    i.setIh                                  0x00004566   Section        0  lmic.o(i.setIh)
    i.setNocrc                               0x00004572   Section        0  lmic.o(i.setNocrc)
    i.updr2rps                               0x00004580   Section        0  lmic.o(i.updr2rps)
    i.validDR                                0x00004590   Section        0  lmic.o(i.validDR)
    .constdata                               0x000045a8   Section       32  main.o(.constdata)
    AppEui                                   0x000045a8   Data           8  main.o(.constdata)
    DevEui                                   0x000045b0   Data           8  main.o(.constdata)
    DevKey                                   0x000045b8   Data          16  main.o(.constdata)
    .constdata                               0x000045c8   Section     4392  aes.o(.constdata)
    AES_RCON                                 0x000045c8   Data          40  aes.o(.constdata)
    AES_S                                    0x000045f0   Data         256  aes.o(.constdata)
    AES_E1                                   0x000046f0   Data        1024  aes.o(.constdata)
    AES_E2                                   0x00004af0   Data        1024  aes.o(.constdata)
    AES_E3                                   0x00004ef0   Data        1024  aes.o(.constdata)
    AES_E4                                   0x000052f0   Data        1024  aes.o(.constdata)
    .constdata                               0x000056f0   Section      144  lmic.o(.constdata)
    TXPOWLEVELS                              0x000056fe   Data          16  lmic.o(.constdata)
    SENSITIVITY                              0x0000570e   Data          21  lmic.o(.constdata)
    DRADJUST                                 0x00005723   Data          10  lmic.o(.constdata)
    DR2HSYM_osticks                          0x00005730   Data          32  lmic.o(.constdata)
    iniChannelFreq                           0x00005750   Data          48  lmic.o(.constdata)
    .constdata                               0x00005780   Section       18  radio.o(.constdata)
    rxlorairqmask                            0x00005780   Data           3  radio.o(.constdata)
    LORA_RXDONE_FIXUP                        0x00005784   Data          14  radio.o(.constdata)
    .conststring                             0x00005794   Section      181  debug.o(.conststring)
    .data                                    0x20000000   Section       33  main.o(.data)
    NwkSKey                                  0x20000000   Data          16  main.o(.data)
    ArtSKey                                  0x20000010   Data          16  main.o(.data)
    AppLedStateOn                            0x20000020   Data           1  main.o(.data)
    .data                                    0x20000024   Section        8  oslmic.o(.data)
    OS                                       0x20000024   Data           8  oslmic.o(.data)
    .data                                    0x2000002c   Section       64  debug.o(.data)
    evnames                                  0x2000002c   Data          64  debug.o(.data)
    .data                                    0x2000006c   Section        8  hal.o(.data)
    HAL                                      0x2000006c   Data           8  hal.o(.data)
    .data                                    0x20000074   Section        4  system_nrf52.o(.data)
    __tagsym$$used                           0x20000074   Number         0  system_nrf52.o(.data)
    .bss                                     0x20000078   Section       36  main.o(.bss)
    .bss                                     0x2000009c   Section      192  aes.o(.bss)
    .bss                                     0x2000015c   Section      428  lmic.o(.bss)
    .bss                                     0x20000308   Section       16  radio.o(.bss)
    randbuf                                  0x20000308   Data          16  radio.o(.bss)
    STACK                                    0x20000318   Section     8192  arm_startup_nrf52.o(STACK)

    Global Symbols

    Symbol Name                              Value     Ov Type        Size  Object(Section)

    BuildAttributes$$THM_ISAv4$E$P$D$K$B$S$7EM$VFPi3$EXTD16$VFPS$VFMA$PE$A:L22UL41UL21$X:L11$S22US41US21$IEEE1$IW$USESV6$~STKCKD$USESV7$~SHL$OSPACE$EBA8$MICROLIB$REQ8$PRES8$EABIv2 0x00000000   Number         0  anon$$obj.o ABSOLUTE
    __ARM_use_no_argv                        0x00000000   Number         0  main.o ABSOLUTE
    __Vectors                                0x00000000   Data           4  arm_startup_nrf52.o(RESET)
    __cpp_initialize__aeabi_                  - Undefined Weak Reference
    __cxa_finalize                            - Undefined Weak Reference
    __decompress                              - Undefined Weak Reference
    _clock_init                               - Undefined Weak Reference
    _microlib_exit                            - Undefined Weak Reference
    __Vectors_End                            0x00000400   Data           0  arm_startup_nrf52.o(RESET)
    __Vectors_Size                           0x00000400   Number         0  arm_startup_nrf52.o ABSOLUTE
    __main                                   0x00000401   Thumb Code     0  entry.o(.ARM.Collect$$$$00000000)
    _main_stk                                0x00000401   Thumb Code     0  entry2.o(.ARM.Collect$$$$00000001)
    _main_scatterload                        0x00000405   Thumb Code     0  entry5.o(.ARM.Collect$$$$00000004)
    __main_after_scatterload                 0x00000409   Thumb Code     0  entry5.o(.ARM.Collect$$$$00000004)
    _main_clock                              0x00000409   Thumb Code     0  entry7b.o(.ARM.Collect$$$$00000008)
    _main_cpp_init                           0x00000409   Thumb Code     0  entry8b.o(.ARM.Collect$$$$0000000A)
    _main_init                               0x00000409   Thumb Code     0  entry9a.o(.ARM.Collect$$$$0000000B)
    __rt_final_cpp                           0x00000411   Thumb Code     0  entry10a.o(.ARM.Collect$$$$0000000D)
    __rt_final_exit                          0x00000411   Thumb Code     0  entry11a.o(.ARM.Collect$$$$0000000F)
    os_getArtEui                             0x00000415   Thumb Code    12  main.o(.text)
    os_getDevEui                             0x00000421   Thumb Code    12  main.o(.text)
    os_getDevKey                             0x0000042d   Thumb Code    16  main.o(.text)
    processRxFrame                           0x00000493   Thumb Code    72  main.o(.text)
    main                                     0x00000535   Thumb Code    26  main.o(.text)
    onEvent                                  0x0000054f   Thumb Code   150  main.o(.text)
    os_aes                                   0x000006ff   Thumb Code  1984  aes.o(.text)
    os_rlsbf2                                0x00000ed9   Thumb Code    12  lmic.o(.text)
    os_rlsbf4                                0x00000ee5   Thumb Code    24  lmic.o(.text)
    os_rmsbf4                                0x00000efd   Thumb Code    24  lmic.o(.text)
    os_wlsbf2                                0x00000f15   Thumb Code     8  lmic.o(.text)
    os_wlsbf4                                0x00000f1d   Thumb Code    16  lmic.o(.text)
    os_wmsbf4                                0x00000f2d   Thumb Code    16  lmic.o(.text)
    os_getBattLevel                          0x00000f3d   Thumb Code     4  lmic.o(.text)
    os_crc16                                 0x00000f41   Thumb Code    64  lmic.o(.text)
    getSensitivity                           0x0000116b   Thumb Code    30  lmic.o(.text)
    calcAirTime                              0x00001189   Thumb Code   190  lmic.o(.text)
    LMIC_stopPingable                        0x000014e9   Thumb Code    18  lmic.o(.text)
    LMIC_setupChannel                        0x000017ff   Thumb Code   128  lmic.o(.text)
    LMIC_startJoining                        0x0000259d   Thumb Code   104  lmic.o(.text)
    LMIC_reset                               0x00002605   Thumb Code   108  lmic.o(.text)
    LMIC_enableTracking                      0x00002eb3   Thumb Code    36  lmic.o(.text)
    LMIC_setPingable                         0x00002ed7   Thumb Code    56  lmic.o(.text)
    LMIC_setupBand                           0x00002f0f   Thumb Code    64  lmic.o(.text)
    LMIC_disableChannel                      0x00002f4f   Thumb Code    36  lmic.o(.text)
    LMIC_disableTracking                     0x00002f73   Thumb Code    30  lmic.o(.text)
    LMIC_setAdrMode                          0x00002f91   Thumb Code    16  lmic.o(.text)
    LMIC_setDrTxpow                          0x00002fa1   Thumb Code    18  lmic.o(.text)
    LMIC_shutdown                            0x00002fb3   Thumb Code    34  lmic.o(.text)
    LMIC_init                                0x00002fd5   Thumb Code    10  lmic.o(.text)
    LMIC_clrTxData                           0x00002fdf   Thumb Code    98  lmic.o(.text)
    LMIC_setTxData                           0x00003041   Thumb Code    46  lmic.o(.text)
    LMIC_setTxData2                          0x0000306f   Thumb Code    62  lmic.o(.text)
    LMIC_sendAlive                           0x000030ad   Thumb Code    28  lmic.o(.text)
    LMIC_tryRejoin                           0x000030c9   Thumb Code    28  lmic.o(.text)
    LMIC_setSession                          0x000030e5   Thumb Code   100  lmic.o(.text)
    LMIC_setLinkCheckMode                    0x00003149   Thumb Code    32  lmic.o(.text)
    LMIC_reverse_memcpy                      0x00003169   Thumb Code    24  lmic.o(.text)
    os_init                                  0x00003185   Thumb Code    24  oslmic.o(.text)
    os_getTime                               0x0000319d   Thumb Code     8  oslmic.o(.text)
    os_clearCallback                         0x000031c3   Thumb Code    34  oslmic.o(.text)
    os_setCallback                           0x000031e5   Thumb Code    44  oslmic.o(.text)
    os_setTimedCallback                      0x00003211   Thumb Code    68  oslmic.o(.text)
    os_runloop                               0x00003255   Thumb Code    76  oslmic.o(.text)
    radio_init                               0x0000382d   Thumb Code   170  radio.o(.text)
    radio_rand1                              0x000038d7   Thumb Code    46  radio.o(.text)
    radio_rssi                               0x00003905   Thumb Code    22  radio.o(.text)
    radio_irq_handler                        0x0000391b   Thumb Code   328  radio.o(.text)
    os_radio                                 0x00003a63   Thumb Code    62  radio.o(.text)
    debug_char                               0x00003aad   Thumb Code    56  debug.o(.text)
    debug_str                                0x00003ae5   Thumb Code    22  debug.o(.text)
    debug_led                                0x00003afb   Thumb Code    24  debug.o(.text)
    debug_init                               0x00003b13   Thumb Code    68  debug.o(.text)
    debug_hex                                0x00003b57   Thumb Code    30  debug.o(.text)
    debug_buf                                0x00003b75   Thumb Code    46  debug.o(.text)
    debug_uint                               0x00003ba3   Thumb Code    30  debug.o(.text)
    debug_val                                0x00003bc1   Thumb Code    32  debug.o(.text)
    debug_event                              0x00003be1   Thumb Code    28  debug.o(.text)
    hal_sleep                                0x00003c99   Thumb Code     4  hal.o(.text)
    hal_disableIRQs                          0x00003c9d   Thumb Code    14  hal.o(.text)
    hal_failed                               0x00003cab   Thumb Code    18  hal.o(.text)
    hal_pin_rxtx                             0x00003cbd   Thumb Code    40  hal.o(.text)
    hal_pin_nss                              0x00003ce5   Thumb Code    26  hal.o(.text)
    hal_pin_rst                              0x00003cff   Thumb Code    44  hal.o(.text)
    GPIOTE_IRQHandler                        0x00003d2b   Thumb Code    64  hal.o(.text)
    hal_spi                                  0x00003dc1   Thumb Code    34  hal.o(.text)
    hal_enableIRQs                           0x00003e1d   Thumb Code    16  hal.o(.text)
    hal_ticks                                0x00003e2d   Thumb Code    40  hal.o(.text)
    hal_waitUntil                            0x00003e77   Thumb Code    18  hal.o(.text)
    hal_checkTimer                           0x00003e89   Thumb Code    64  hal.o(.text)
    RTC0_IRQHandler                          0x00003ec9   Thumb Code    50  hal.o(.text)
    hal_init                                 0x00003efb   Thumb Code    32  hal.o(.text)
    Reset_Handler                            0x00003f85   Thumb Code     8  arm_startup_nrf52.o(.text)
    NMI_Handler                              0x00003f8d   Thumb Code     2  arm_startup_nrf52.o(.text)
    HardFault_Handler                        0x00003f8f   Thumb Code     2  arm_startup_nrf52.o(.text)
    MemoryManagement_Handler                 0x00003f91   Thumb Code     2  arm_startup_nrf52.o(.text)
    BusFault_Handler                         0x00003f93   Thumb Code     2  arm_startup_nrf52.o(.text)
    UsageFault_Handler                       0x00003f95   Thumb Code     2  arm_startup_nrf52.o(.text)
    SVC_Handler                              0x00003f97   Thumb Code     2  arm_startup_nrf52.o(.text)
    DebugMonitor_Handler                     0x00003f99   Thumb Code     2  arm_startup_nrf52.o(.text)
    PendSV_Handler                           0x00003f9b   Thumb Code     2  arm_startup_nrf52.o(.text)
    SysTick_Handler                          0x00003f9d   Thumb Code     2  arm_startup_nrf52.o(.text)
    CCM_AAR_IRQHandler                       0x00003f9f   Thumb Code     0  arm_startup_nrf52.o(.text)
    COMP_LPCOMP_IRQHandler                   0x00003f9f   Thumb Code     0  arm_startup_nrf52.o(.text)
    ECB_IRQHandler                           0x00003f9f   Thumb Code     0  arm_startup_nrf52.o(.text)
    FPU_IRQHandler                           0x00003f9f   Thumb Code     0  arm_startup_nrf52.o(.text)
    I2S_IRQHandler                           0x00003f9f   Thumb Code     0  arm_startup_nrf52.o(.text)
    MWU_IRQHandler                           0x00003f9f   Thumb Code     0  arm_startup_nrf52.o(.text)
    NFCT_IRQHandler                          0x00003f9f   Thumb Code     0  arm_startup_nrf52.o(.text)
    PDM_IRQHandler                           0x00003f9f   Thumb Code     0  arm_startup_nrf52.o(.text)
    POWER_CLOCK_IRQHandler                   0x00003f9f   Thumb Code     0  arm_startup_nrf52.o(.text)
    PWM0_IRQHandler                          0x00003f9f   Thumb Code     0  arm_startup_nrf52.o(.text)
    PWM1_IRQHandler                          0x00003f9f   Thumb Code     0  arm_startup_nrf52.o(.text)
    PWM2_IRQHandler                          0x00003f9f   Thumb Code     0  arm_startup_nrf52.o(.text)
    QDEC_IRQHandler                          0x00003f9f   Thumb Code     0  arm_startup_nrf52.o(.text)
    RADIO_IRQHandler                         0x00003f9f   Thumb Code     0  arm_startup_nrf52.o(.text)
    RNG_IRQHandler                           0x00003f9f   Thumb Code     0  arm_startup_nrf52.o(.text)
    RTC1_IRQHandler                          0x00003f9f   Thumb Code     0  arm_startup_nrf52.o(.text)
    RTC2_IRQHandler                          0x00003f9f   Thumb Code     0  arm_startup_nrf52.o(.text)
    SAADC_IRQHandler                         0x00003f9f   Thumb Code     0  arm_startup_nrf52.o(.text)
    SPIM0_SPIS0_TWIM0_TWIS0_SPI0_TWI0_IRQHandler 0x00003f9f   Thumb Code     0  arm_startup_nrf52.o(.text)
    SPIM1_SPIS1_TWIM1_TWIS1_SPI1_TWI1_IRQHandler 0x00003f9f   Thumb Code     0  arm_startup_nrf52.o(.text)
    SPIM2_SPIS2_SPI2_IRQHandler              0x00003f9f   Thumb Code     0  arm_startup_nrf52.o(.text)
    SWI0_EGU0_IRQHandler                     0x00003f9f   Thumb Code     0  arm_startup_nrf52.o(.text)
    SWI1_EGU1_IRQHandler                     0x00003f9f   Thumb Code     0  arm_startup_nrf52.o(.text)
    SWI2_EGU2_IRQHandler                     0x00003f9f   Thumb Code     0  arm_startup_nrf52.o(.text)
    SWI3_EGU3_IRQHandler                     0x00003f9f   Thumb Code     0  arm_startup_nrf52.o(.text)
    SWI4_EGU4_IRQHandler                     0x00003f9f   Thumb Code     0  arm_startup_nrf52.o(.text)
    SWI5_EGU5_IRQHandler                     0x00003f9f   Thumb Code     0  arm_startup_nrf52.o(.text)
    TEMP_IRQHandler                          0x00003f9f   Thumb Code     0  arm_startup_nrf52.o(.text)
    TIMER0_IRQHandler                        0x00003f9f   Thumb Code     0  arm_startup_nrf52.o(.text)
    TIMER1_IRQHandler                        0x00003f9f   Thumb Code     0  arm_startup_nrf52.o(.text)
    TIMER2_IRQHandler                        0x00003f9f   Thumb Code     0  arm_startup_nrf52.o(.text)
    TIMER3_IRQHandler                        0x00003f9f   Thumb Code     0  arm_startup_nrf52.o(.text)
    TIMER4_IRQHandler                        0x00003f9f   Thumb Code     0  arm_startup_nrf52.o(.text)
    UARTE0_UART0_IRQHandler                  0x00003f9f   Thumb Code     0  arm_startup_nrf52.o(.text)
    WDT_IRQHandler                           0x00003f9f   Thumb Code     0  arm_startup_nrf52.o(.text)
    SystemCoreClockUpdate                    0x00003fa9   Thumb Code     8  system_nrf52.o(.text)
    SystemInit                               0x0000411f   Thumb Code   512  system_nrf52.o(.text)
    __aeabi_uldivmod                         0x00004361   Thumb Code    98  uldiv.o(.text)
    __aeabi_ldivmod                          0x000043c3   Thumb Code    98  ldiv.o(.text)
    __aeabi_memcpy                           0x00004425   Thumb Code    36  memcpya.o(.text)
    __aeabi_memcpy4                          0x00004425   Thumb Code     0  memcpya.o(.text)
    __aeabi_memcpy8                          0x00004425   Thumb Code     0  memcpya.o(.text)
    __aeabi_memset                           0x00004449   Thumb Code    14  memseta.o(.text)
    __aeabi_memset4                          0x00004449   Thumb Code     0  memseta.o(.text)
    __aeabi_memset8                          0x00004449   Thumb Code     0  memseta.o(.text)
    __aeabi_memclr                           0x00004457   Thumb Code     4  memseta.o(.text)
    __aeabi_memclr4                          0x00004457   Thumb Code     0  memseta.o(.text)
    __aeabi_memclr8                          0x00004457   Thumb Code     0  memseta.o(.text)
    _memset$wrapper                          0x0000445b   Thumb Code    18  memseta.o(.text)
    __aeabi_llsl                             0x0000446d   Thumb Code    30  llshl.o(.text)
    _ll_shift_l                              0x0000446d   Thumb Code     0  llshl.o(.text)
    __aeabi_llsr                             0x0000448b   Thumb Code    32  llushr.o(.text)
    _ll_ushift_r                             0x0000448b   Thumb Code     0  llushr.o(.text)
    __scatterload                            0x000044ad   Thumb Code    28  init.o(.text)
    __scatterload_rt2                        0x000044ad   Thumb Code     0  init.o(.text)
    __scatterload_copy                       0x000044d1   Thumb Code    14  handlers.o(i.__scatterload_copy)
    __scatterload_null                       0x000044df   Thumb Code     2  handlers.o(i.__scatterload_null)
    __scatterload_zeroinit                   0x000044e1   Thumb Code    14  handlers.o(i.__scatterload_zeroinit)
    decDR                                    0x000044f1   Thumb Code    20  lmic.o(i.decDR)
    dndr2rps                                 0x00004509   Thumb Code    20  lmic.o(i.dndr2rps)
    getBw                                    0x0000451d   Thumb Code     8  lmic.o(i.getBw)
    getCr                                    0x00004525   Thumb Code     8  lmic.o(i.getCr)
    getNocrc                                 0x0000452d   Thumb Code     8  lmic.o(i.getNocrc)
    getSf                                    0x00004535   Thumb Code     8  lmic.o(i.getSf)
    lowerDR                                  0x0000453d   Thumb Code    30  lmic.o(i.lowerDR)
    setCr                                    0x0000455b   Thumb Code    12  lmic.o(i.setCr)
    setIh                                    0x00004567   Thumb Code    12  lmic.o(i.setIh)
    setNocrc                                 0x00004573   Thumb Code    14  lmic.o(i.setNocrc)
    updr2rps                                 0x00004581   Thumb Code    10  lmic.o(i.updr2rps)
    validDR                                  0x00004591   Thumb Code    20  lmic.o(i.validDR)
    maxFrameLens                             0x000056f0   Data           4  lmic.o(.constdata)
    _DR2RPS_CRC                              0x000056f4   Data          10  lmic.o(.constdata)
    Region$$Table$$Base                      0x0000584c   Number         0  anon$$obj.o(Region$$Table)
    Region$$Table$$Limit                     0x0000586c   Number         0  anon$$obj.o(Region$$Table)
    SystemCoreClock                          0x20000074   Data           4  system_nrf52.o(.data)
    rxLedJob                                 0x20000078   Data          12  main.o(.bss)
    txLedJob                                 0x20000084   Data          12  main.o(.bss)
    sendFrameJob                             0x20000090   Data          12  main.o(.bss)
    AESAUX                                   0x2000009c   Data          16  aes.o(.bss)
    AESKEY                                   0x200000ac   Data         176  aes.o(.bss)
    LMIC                                     0x2000015c   Data         428  lmic.o(.bss)
    __initial_sp                             0x20002318   Data           0  arm_startup_nrf52.o(STACK)



==============================================================================

Memory Map of the image

  Image Entry point : 0x00000401

  Load Region LR_IROM1 (Base: 0x00000000, Size: 0x000058e4, Max: 0x00080000, ABSOLUTE)

    Execution Region ER_IROM1 (Base: 0x00000000, Size: 0x0000586c, Max: 0x00080000, ABSOLUTE)

    Base Addr    Size         Type   Attr      Idx    E Section Name        Object

    0x00000000   0x00000400   Data   RO          407    RESET               arm_startup_nrf52.o
    0x00000400   0x00000000   Code   RO          446  * .ARM.Collect$$$$00000000  mc_w.l(entry.o)
    0x00000400   0x00000004   Code   RO          459    .ARM.Collect$$$$00000001  mc_w.l(entry2.o)
    0x00000404   0x00000004   Code   RO          462    .ARM.Collect$$$$00000004  mc_w.l(entry5.o)
    0x00000408   0x00000000   Code   RO          464    .ARM.Collect$$$$00000008  mc_w.l(entry7b.o)
    0x00000408   0x00000000   Code   RO          466    .ARM.Collect$$$$0000000A  mc_w.l(entry8b.o)
    0x00000408   0x00000008   Code   RO          467    .ARM.Collect$$$$0000000B  mc_w.l(entry9a.o)
    0x00000410   0x00000000   Code   RO          469    .ARM.Collect$$$$0000000D  mc_w.l(entry10a.o)
    0x00000410   0x00000000   Code   RO          471    .ARM.Collect$$$$0000000F  mc_w.l(entry11a.o)
    0x00000410   0x00000004   Code   RO          460    .ARM.Collect$$$$00002712  mc_w.l(entry2.o)
    0x00000414   0x00000240   Code   RO            1    .text               main.o
    0x00000654   0x00000884   Code   RO           41    .text               aes.o
    0x00000ed8   0x000022ac   Code   RO           63    .text               lmic.o
    0x00003184   0x00000120   Code   RO          239    .text               oslmic.o
    0x000032a4   0x00000808   Code   RO          265    .text               radio.o
    0x00003aac   0x000001a8   Code   RO          310    .text               debug.o
    0x00003c54   0x00000330   Code   RO          378    .text               hal.o
    0x00003f84   0x00000024   Code   RO          408    .text               arm_startup_nrf52.o
    0x00003fa8   0x000003b8   Code   RO          415    .text               system_nrf52.o
    0x00004360   0x00000062   Code   RO          449    .text               mc_w.l(uldiv.o)
    0x000043c2   0x00000062   Code   RO          451    .text               mc_w.l(ldiv.o)
    0x00004424   0x00000024   Code   RO          453    .text               mc_w.l(memcpya.o)
    0x00004448   0x00000024   Code   RO          455    .text               mc_w.l(memseta.o)
    0x0000446c   0x0000001e   Code   RO          473    .text               mc_w.l(llshl.o)
    0x0000448a   0x00000020   Code   RO          475    .text               mc_w.l(llushr.o)
    0x000044aa   0x00000002   PAD
    0x000044ac   0x00000024   Code   RO          477    .text               mc_w.l(init.o)
    0x000044d0   0x0000000e   Code   RO          481    i.__scatterload_copy  mc_w.l(handlers.o)
    0x000044de   0x00000002   Code   RO          482    i.__scatterload_null  mc_w.l(handlers.o)
    0x000044e0   0x0000000e   Code   RO          483    i.__scatterload_zeroinit  mc_w.l(handlers.o)
    0x000044ee   0x00000002   PAD
    0x000044f0   0x00000018   Code   RO          168    i.decDR             lmic.o
    0x00004508   0x00000014   Code   RO          145    i.dndr2rps          lmic.o
    0x0000451c   0x00000008   Code   RO           87    i.getBw             lmic.o
    0x00004524   0x00000008   Code   RO           98    i.getCr             lmic.o
    0x0000452c   0x00000008   Code   RO          108    i.getNocrc          lmic.o
    0x00004534   0x00000008   Code   RO           76    i.getSf             lmic.o
    0x0000453c   0x0000001e   Code   RO          184    i.lowerDR           lmic.o
    0x0000455a   0x0000000c   Code   RO          103    i.setCr             lmic.o
    0x00004566   0x0000000c   Code   RO          123    i.setIh             lmic.o
    0x00004572   0x0000000e   Code   RO          113    i.setNocrc          lmic.o
    0x00004580   0x00000010   Code   RO          140    i.updr2rps          lmic.o
    0x00004590   0x00000018   Code   RO          179    i.validDR           lmic.o
    0x000045a8   0x00000020   Data   RO            3    .constdata          main.o
    0x000045c8   0x00001128   Data   RO           43    .constdata          aes.o
    0x000056f0   0x00000090   Data   RO           65    .constdata          lmic.o
    0x00005780   0x00000012   Data   RO          267    .constdata          radio.o
    0x00005792   0x00000002   PAD
    0x00005794   0x000000b5   Data   RO          311    .conststring        debug.o
    0x00005849   0x00000003   PAD
    0x0000584c   0x00000020   Data   RO          479    Region$$Table       anon$$obj.o


    Execution Region RW_IRAM1 (Base: 0x20000000, Size: 0x00002318, Max: 0x00010000, ABSOLUTE)

    Base Addr    Size         Type   Attr      Idx    E Section Name        Object

    0x20000000   0x00000021   Data   RW            4    .data               main.o
    0x20000021   0x00000003   PAD
    0x20000024   0x00000008   Data   RW          240    .data               oslmic.o
    0x2000002c   0x00000040   Data   RW          312    .data               debug.o
    0x2000006c   0x00000008   Data   RW          379    .data               hal.o
    0x20000074   0x00000004   Data   RW          416    .data               system_nrf52.o
    0x20000078   0x00000024   Zero   RW            2    .bss                main.o
    0x2000009c   0x000000c0   Zero   RW           42    .bss                aes.o
    0x2000015c   0x000001ac   Zero   RW           64    .bss                lmic.o
    0x20000308   0x00000010   Zero   RW          266    .bss                radio.o
    0x20000318   0x00002000   Zero   RW          405    STACK               arm_startup_nrf52.o


==============================================================================

Image component sizes


      Code (inc. data)   RO Data    RW Data    ZI Data      Debug   Object Name

      2180         60       4392          0        192       5829   aes.o
        36          8       1024          0       8192        880   arm_startup_nrf52.o
       424         88        181         64          0      34757   debug.o
       816         84          0          8          0      31160   hal.o
      9060        252        144          0        428      45386   lmic.o
       576        112         32         33         36      16203   main.o
       288          4          0          8          0      13557   oslmic.o
      2056         24         18          0         16      23254   radio.o
       952         66          0          4          0      29048   system_nrf52.o

    ----------------------------------------------------------------------
     16388        698       5828        120       8864     200074   Object Totals
         0          0         32          0          0          0   (incl. Generated)
         0          0          5          3          0          0   (incl. Padding)

    ----------------------------------------------------------------------

      Code (inc. data)   RO Data    RW Data    ZI Data      Debug   Library Member Name

         0          0          0          0          0          0   entry.o
         0          0          0          0          0          0   entry10a.o
         0          0          0          0          0          0   entry11a.o
         8          4          0          0          0          0   entry2.o
         4          0          0          0          0          0   entry5.o
         0          0          0          0          0          0   entry7b.o
         0          0          0          0          0          0   entry8b.o
         8          4          0          0          0          0   entry9a.o
        30          0          0          0          0          0   handlers.o
        36          8          0          0          0         68   init.o
        98          0          0          0          0         84   ldiv.o
        30          0          0          0          0         68   llshl.o
        32          0          0          0          0         68   llushr.o
        36          0          0          0          0         68   memcpya.o
        36          0          0          0          0        108   memseta.o
        98          0          0          0          0         92   uldiv.o

    ----------------------------------------------------------------------
       420         16          0          0          0        556   Library Totals
         4          0          0          0          0          0   (incl. Padding)

    ----------------------------------------------------------------------

      Code (inc. data)   RO Data    RW Data    ZI Data      Debug   Library Name

       416         16          0          0          0        556   mc_w.l

    ----------------------------------------------------------------------
       420         16          0          0          0        556   Library Totals

    ----------------------------------------------------------------------

==============================================================================


      Code (inc. data)   RO Data    RW Data    ZI Data      Debug   

     16808        714       5828        120       8864     198126   Grand Totals
     16808        714       5828        120       8864     198126   ELF Image Totals
     16808        714       5828        120          0          0   ROM Totals

==============================================================================

    Total RO  Size (Code + RO Data)                22636 (  22.11kB)
    Total RW  Size (RW Data + ZI Data)              8984 (   8.77kB)
    Total ROM Size (Code + RO Data + RW Data)      22756 (  22.22kB)

==============================================================================

